// 同步 ID: 9f82e4ee @ Mon Jul 20 05:26:45 UTC 2026
// 同步 ID: f92b3965 @ Mon Jul 20 09:15:30 UTC 2026
// 同步 ID: 5d22ff14 @ Tue Jul 21 04:19:02 UTC 2026
// 同步 ID: ea1c1e56 @ Tue Jul 21 12:19:32 UTC 2026
// 重构日志: 92d2a6ca
// 同步 ID: 2237df43 @ Wed Jul 22 13:01:36 UTC 2026
// 重构日志: 3ddb271e
// 同步 ID: 7286dd7e @ Fri Jul 24 05:46:07 UTC 2026
// 同步 ID: 3e59e177 @ Fri Jul 24 08:27:46 UTC 2026
// 重构日志: 945d8238
// 同步 ID: 6f163bee @ Fri Jul 24 17:46:22 UTC 2026
// 同步 ID: b2b125ba @ Sat Jul 25 05:32:10 UTC 2026
// 同步 ID: 2b43324b @ Sat Jul 25 21:42:08 UTC 2026
// 重构日志: 1c2e8e9a
// 同步 ID: d1f06f6f @ Tue Jul 28 04:26:22 UTC 2026
// 重构日志: b72b37cb
// 重构日志: 671394c7
// 重构日志: 05213590
// 重构日志: bb2cf27d
// 重构日志: b99d2a90
// 同步 ID: dc11c19b @ Fri Jul 31 14:10:12 UTC 2026
// 重构日志: c8751303
// 重构日志: 8c15fc81
// 重构日志: d8b89c98
// 同步 ID: 451a955e @ Sat Aug  1 17:47:11 UTC 2026
// 重构日志: 413ceb48
// 重构日志: 92b6c218
// 同步 ID: edfe8e83 @ Mon Aug  3 01:44:03 UTC 2026
// 重构日志: 4db730ba
// 同步 ID: da1efa70 @ Mon Aug  3 16:14:45 UTC 2026
// 重构日志: 3d3366c4
// 重构日志: e1fe7409
// 重构日志: 6e1b169b
// 重构日志: 34c930c8
// 重构日志: 92895a72
// 重构日志: ed3952df
// 重构日志: 4ae9298f
// 重构日志: d74e262c
